execute ::MyCommand(1) - I'm Kim
execute ::MyCommand(2) - I'm Lee
execute ::MyCommand(3) - I'm Choi
execute ::MyCommand(4) - I'm Jung